// Jest Snapshot v1, https://goo.gl/fbAQLP

exports[`App component should render as expected 1`] = `
<div
  className="app-container"
>
  <Header />
  <SearchBar
    onSearchSubmit={[Function]}
  />
  <MovieCard
    error=""
    movie={Object {}}
  />
  <ColorsList
    movie={Object {}}
  />
</div>
`;

exports[`App component should render child components 1`] = `
<div
  className="app-container"
>
  <Header />
  <SearchBar
    onSearchSubmit={[Function]}
  />
  <MovieCard
    error=""
    movie={Object {}}
  />
  <ColorsList
    movie={Object {}}
  />
</div>
`;
